// Jest Snapshot v1, https://goo.gl/fbAQLP

exports[`Prueba en <FirstApp/> Debe de hacer match con el snapshot 1`] = `
<div>
  <h1
    data-testid="test-title"
  >
    Hola,soy Goku
  </h1>
  <p />
  <p />
  <p />
</div>
`;
